// Jest Snapshot v1, https://goo.gl/fbAQLP

exports[`pruebas en < Counter.jsx> deb de mostrar el valor del counter 1`] = `
<div>
  <h1>
    Counter
  </h1>
  <h2>
    1
  </h2>
  <input
    type="text"
    value="2"
  />
  <button>
    sumar
  </button>
  <button>
    restar
  </button>
  <button>
    eventor
  </button>
</div>
`;
